{"DateTime":"2018-05-19T22:29:17.0387473+02:00","Version":{"Major":1,"Minor":2,"Build":3,"Revision":4,"MajorRevision":0,"MinorRevision":4},"Exception":{"ClassName":"System.Exception","Message":"JEU76-12-95FE exception message","Data":null,"InnerException":null,"HelpURL":null,"StackTraceString":null,"RemoteStackTraceString":null,"RemoteStackIndex":0,"ExceptionMethod":null,"HResult":-2146233088,"Source":null,"WatsonBuckets":null},"ApplicationArguments":{"DesiredResistance":8820,"LcdWidth":2560,"LcdHeight":1440,"LdrCalibrationFilePath":"[REMOVED]","LcdMeasurementsFilePathHigh":"[REMOVED]","LcdMeasurementsFilePathLow":"[REMOVED]","MeasurementsNrOfRows":9,"MeasurementsNrOfColumns":7,"MaskFilePath":"[REMOVED]","FileType":"bmp","High":20,"Low":128,"OriginalExposureTime":1540},"LdrCurveCsvData":"Ldr file contents","MeasurementsHighCsvData":"High file contents","MeasurementsLowCsvData":"Low file contents"}